==============================================================================
TestCases                                                                     
==============================================================================
TestCases.test invalidKeyBusinessDirectory :: This checks the Business Dire...
==============================================================================
Validate Business Directory functionality with invalid data           | PASS |
------------------------------------------------------------------------------
TestCases.test invalidKeyBusinessDirectory :: This checks the Busi... | PASS |
1 test, 1 passed, 0 failed
==============================================================================
TestCases                                                             | PASS |
1 test, 1 passed, 0 failed
==============================================================================
Output:  C:\Users\ASUS\Desktop\PilotProject_Cyclos_Team1-1\Reports\Test\pabot_results\33\output.xml
