==============================================================================
TestCases                                                                     
==============================================================================
TestCases.test invalidLogin :: Test to Login Page                             
==============================================================================
inValid Login Test                                                    | PASS |
------------------------------------------------------------------------------
inValid Login Test                                                    | PASS |
------------------------------------------------------------------------------
TestCases.test invalidLogin :: Test to Login Page                     | PASS |
2 tests, 2 passed, 0 failed
==============================================================================
TestCases                                                             | PASS |
2 tests, 2 passed, 0 failed
==============================================================================
Output:  C:\Users\ASUS\Desktop\PilotProject_Cyclos_Team1-1\Reports\Test\pabot_results\24\output.xml
