==============================================================================
TestCases                                                                     
==============================================================================
TestCases.test invalidPasswordRegister :: Test to Register Page               
==============================================================================
valid register Test case                                              | PASS |
------------------------------------------------------------------------------
TestCases.test invalidPasswordRegister :: Test to Register Page       | PASS |
1 test, 1 passed, 0 failed
==============================================================================
TestCases                                                             | PASS |
1 test, 1 passed, 0 failed
==============================================================================
Output:  C:\Users\ASUS\Desktop\PilotProject_Cyclos_Team1-1\Reports\Test\pabot_results\25\output.xml
