==============================================================================
TestCases                                                                     
==============================================================================
TestCases.test recurringPayment :: To validate Banking - payment to user Fu...
==============================================================================
To validate payment                                                   | PASS |
------------------------------------------------------------------------------
TestCases.test recurringPayment :: To validate Banking - payment t... | PASS |
1 test, 1 passed, 0 failed
==============================================================================
TestCases                                                             | PASS |
1 test, 1 passed, 0 failed
==============================================================================
Output:  C:\Users\ASUS\Desktop\PilotProject_Cyclos_Team1-1\Reports\Test\pabot_results\6\output.xml
