==============================================================================
TestCases                                                                     
==============================================================================
TestCases.test validReceivePay :: This checks the Receive payment fubctiona...
==============================================================================
Validate Receive payment with valid data                              | PASS |
------------------------------------------------------------------------------
TestCases.test validReceivePay :: This checks the Receive payment ... | PASS |
1 test, 1 passed, 0 failed
==============================================================================
TestCases                                                             | PASS |
1 test, 1 passed, 0 failed
==============================================================================
Output:  C:\Users\ASUS\Desktop\PilotProject_Cyclos_Team1-1\Reports\Test\pabot_results\32\output.xml
