==============================================================================
TestCases                                                                     
==============================================================================
TestCases.test cancel recurringPayment :: To validate Banking - payment to ...
==============================================================================
To validate payment                                                     
  Traceback (most recent call last):
    ~~~~~~~~~~~~~~~~~~~~~~~~~~~~~~~~~~~~~~~~~~~~~~~~~~~~~~~~~~~~~~~~~~~~~~~~~~
    File  C:\Users\ASUS\Desktop\PilotProject_Cyclos_Team1-1\TestCases\test_cancel_recurringPayment.robot:17
    T:  To validate payment    
    ~~~~~~~~~~~~~~~~~~~~~~~~~~~~~~~~~~~~~~~~~~~~~~~~~~~~~~~~~~~~~~~~~~~~~~~~~~
    File  C:\Users\ASUS\Desktop\PilotProject_Cyclos_Team1-1\TestCases\test_cancel_recurringPayment.robot:23
      To validate cancel the Recurring payment    user_name=keerthisan    amount_data=10
    ~~~~~~~~~~~~~~~~~~~~~~~~~~~~~~~~~~~~~~~~~~~~~~~~~~~~~~~~~~~~~~~~~~~~~~~~~~
    File  C:\Users\ASUS\Desktop\PilotProject_Cyclos_Team1-1\TestCases\test_cancel_recurringPayment.robot:43
      Click Cancel the recurring payment    
    ~~~~~~~~~~~~~~~~~~~~~~~~~~~~~~~~~~~~~~~~~~~~~~~~~~~~~~~~~~~~~~~~~~~~~~~~~~
    File  C:\Users\ASUS\Desktop\PilotProject_Cyclos_Team1-1\Resources\PaymentUser.robot:149
      Wait Until Element Is Visible    ${cancel_recurring_payment}
      |  ${cancel_recurring_payment} = xpath://div[text()='Cancel this recurring payment'] (str)
______________________________________________________________________________
| FAIL |
Element 'xpath://div[text()='Cancel this recurring payment']' not visible after 5 seconds.
------------------------------------------------------------------------------
TestCases.test cancel recurringPayment :: To validate Banking - pa... | FAIL |
1 test, 0 passed, 1 failed
==============================================================================
TestCases                                                             | FAIL |
1 test, 0 passed, 1 failed
==============================================================================
Output:  C:\Users\ASUS\Desktop\PilotProject_Cyclos_Team1-1\Reports\Test\pabot_results\21\output.xml
