==============================================================================
TestCases                                                                     
==============================================================================
TestCases.test blankAmountQRcode :: This checks the Receive QR code fubctio...
==============================================================================
Validate Receive QR code with blank amount                            | PASS |
------------------------------------------------------------------------------
TestCases.test blankAmountQRcode :: This checks the Receive QR cod... | PASS |
1 test, 1 passed, 0 failed
==============================================================================
TestCases                                                             | PASS |
1 test, 1 passed, 0 failed
==============================================================================
Output:  C:\Users\ASUS\Desktop\PilotProject_Cyclos_Team1-1\Reports\Test\pabot_results\13\output.xml
