==============================================================================
TestCases                                                                     
==============================================================================
TestCases.test invalidReceivePay :: This checks the Receive payment fubctio...
==============================================================================
Validate Receive payment with data                                      
  Traceback (most recent call last):
    ~~~~~~~~~~~~~~~~~~~~~~~~~~~~~~~~~~~~~~~~~~~~~~~~~~~~~~~~~~~~~~~~~~~~~~~~~~
    File  C:\Users\ASUS\Desktop\PilotProject_Cyclos_Team1-1\TestCases\test_invalidReceivePay.robot:19
    T:  Validate Receive payment with data    
    ~~~~~~~~~~~~~~~~~~~~~~~~~~~~~~~~~~~~~~~~~~~~~~~~~~~~~~~~~~~~~~~~~~~~~~~~~~
    File  C:\Users\ASUS\Desktop\PilotProject_Cyclos_Team1-1\TestCases\test_invalidReceivePay.robot:22
      Validate the Receive payment functionality with empty data    blank_user=       blank_amount=       blank_description=  
    ~~~~~~~~~~~~~~~~~~~~~~~~~~~~~~~~~~~~~~~~~~~~~~~~~~~~~~~~~~~~~~~~~~~~~~~~~~
    File  C:\Users\ASUS\Desktop\PilotProject_Cyclos_Team1-1\TestCases\test_invalidReceivePay.robot:34
      verify user error message is displayed    
    ~~~~~~~~~~~~~~~~~~~~~~~~~~~~~~~~~~~~~~~~~~~~~~~~~~~~~~~~~~~~~~~~~~~~~~~~~~
    File  C:\Users\ASUS\Desktop\PilotProject_Cyclos_Team1-1\Resources\ReceivePaymentResouce.robot:48
      Element Should Be Visible    ${user_error_msg}
      |  ${user_error_msg} = xpath:(//div[@class='d-flex label-value-value']//field-errors/div)[1] (str)
______________________________________________________________________________
| FAIL |
Element with locator 'xpath:(//div[@class='d-flex label-value-value']//field-errors/div)[1]' not found.
------------------------------------------------------------------------------
TestCases.test invalidReceivePay :: This checks the Receive paymen... | FAIL |
1 test, 0 passed, 1 failed
==============================================================================
TestCases                                                             | FAIL |
1 test, 0 passed, 1 failed
==============================================================================
Output:  C:\Users\ASUS\Desktop\PilotProject_Cyclos_Team1-1\Reports\Test\pabot_results\26\output.xml
