==============================================================================
TestCases                                                                     
==============================================================================
TestCases.test blankAmount :: To validate Banking - payment to user Functio...
==============================================================================
To validate payment                                                     
  Traceback (most recent call last):
    ~~~~~~~~~~~~~~~~~~~~~~~~~~~~~~~~~~~~~~~~~~~~~~~~~~~~~~~~~~~~~~~~~~~~~~~~~~
    File  C:\Users\ASUS\Desktop\PilotProject_Cyclos_Team1-1\TestCases\test_blankAmount.robot:16
    T:  To validate payment    
    ~~~~~~~~~~~~~~~~~~~~~~~~~~~~~~~~~~~~~~~~~~~~~~~~~~~~~~~~~~~~~~~~~~~~~~~~~~
    File  C:\Users\ASUS\Desktop\PilotProject_Cyclos_Team1-1\TestCases\test_blankAmount.robot:22
      To validate payment to user functionality with amount field is given blank    user_name=dinesh dk
    ~~~~~~~~~~~~~~~~~~~~~~~~~~~~~~~~~~~~~~~~~~~~~~~~~~~~~~~~~~~~~~~~~~~~~~~~~~
    File  C:\Users\ASUS\Desktop\PilotProject_Cyclos_Team1-1\TestCases\test_blankAmount.robot:36
      verify the error message for amount field is given blank    
    ~~~~~~~~~~~~~~~~~~~~~~~~~~~~~~~~~~~~~~~~~~~~~~~~~~~~~~~~~~~~~~~~~~~~~~~~~~
    File  C:\Users\ASUS\Desktop\PilotProject_Cyclos_Team1-1\Resources\PaymentUser.robot:79
      Wait Until Element Is Visible    ${amount_error_msg}
      |  ${amount_error_msg} = xpath:(//field-errors)[2]//div (str)
______________________________________________________________________________
| FAIL |
Element 'xpath:(//field-errors)[2]//div' not visible after 5 seconds.
------------------------------------------------------------------------------
TestCases.test blankAmount :: To validate Banking - payment to use... | FAIL |
1 test, 0 passed, 1 failed
==============================================================================
TestCases                                                             | FAIL |
1 test, 0 passed, 1 failed
==============================================================================
Output:  C:\Users\ASUS\Desktop\PilotProject_Cyclos_Team1-1\Reports\Test\pabot_results\4\output.xml
