==============================================================================
TestCases                                                                     
==============================================================================
TestCases.test businessDirectory :: This checks the Business Directory func...
==============================================================================
Validate Business Directory functionality with valid data             | PASS |
------------------------------------------------------------------------------
TestCases.test businessDirectory :: This checks the Business Direc... | PASS |
1 test, 1 passed, 0 failed
==============================================================================
TestCases                                                             | PASS |
1 test, 1 passed, 0 failed
==============================================================================
Output:  C:\Users\ASUS\Desktop\PilotProject_Cyclos_Team1-1\Reports\Test\pabot_results\20\output.xml
