==============================================================================
TestCases                                                                     
==============================================================================
TestCases.test blankDescReceivePay :: This checks the Receive payment fubct...
==============================================================================
Validate Receive payment with data                                    | PASS |
------------------------------------------------------------------------------
TestCases.test blankDescReceivePay :: This checks the Receive paym... | PASS |
1 test, 1 passed, 0 failed
==============================================================================
TestCases                                                             | PASS |
1 test, 1 passed, 0 failed
==============================================================================
Output:  C:\Users\ASUS\Desktop\PilotProject_Cyclos_Team1-1\Reports\Test\pabot_results\15\output.xml
