==============================================================================
TestCases                                                                     
==============================================================================
TestCases.test addUserToContact :: This checks the Business Directory funct...
==============================================================================
Validate add to contact in Business Directory functionality           | PASS |
------------------------------------------------------------------------------
TestCases.test addUserToContact :: This checks the Business Direct... | PASS |
1 test, 1 passed, 0 failed
==============================================================================
TestCases                                                             | PASS |
1 test, 1 passed, 0 failed
==============================================================================
Output:  C:\Users\ASUS\Desktop\PilotProject_Cyclos_Team1-1\Reports\Test\pabot_results\11\output.xml
