==============================================================================
TestCases                                                                     
==============================================================================
TestCases.test blankUserfields :: To validate Banking - payment to user Fun...
==============================================================================
To validate payment                                                   | PASS |
------------------------------------------------------------------------------
TestCases.test blankUserfields :: To validate Banking - payment to... | PASS |
1 test, 1 passed, 0 failed
==============================================================================
TestCases                                                             | PASS |
1 test, 1 passed, 0 failed
==============================================================================
Output:  C:\Users\ASUS\Desktop\PilotProject_Cyclos_Team1-1\Reports\Test\pabot_results\5\output.xml
