==============================================================================
TestCases                                                                     
==============================================================================
TestCases.test blankAmountReceivePay :: This checks the Receive payment fub...
==============================================================================
Validate Receive payment with data                                    | PASS |
------------------------------------------------------------------------------
TestCases.test blankAmountReceivePay :: This checks the Receive pa... | PASS |
1 test, 1 passed, 0 failed
==============================================================================
TestCases                                                             | PASS |
1 test, 1 passed, 0 failed
==============================================================================
Output:  C:\Users\ASUS\Desktop\PilotProject_Cyclos_Team1-1\Reports\Test\pabot_results\14\output.xml
