==============================================================================
TestCases                                                                     
==============================================================================
TestCases.test Blankfields :: To validate Banking - payment to user Functio...
==============================================================================
To validate payment to user functionality with blank fields :: To ... | PASS |
------------------------------------------------------------------------------
TestCases.test Blankfields :: To validate Banking - payment to use... | PASS |
1 test, 1 passed, 0 failed
==============================================================================
TestCases                                                             | PASS |
1 test, 1 passed, 0 failed
==============================================================================
Output:  C:\Users\ASUS\Desktop\PilotProject_Cyclos_Team1-1\Reports\Test\pabot_results\3\output.xml
